c:\durismud\areas\de\de_win32\release\stat.obj
c:\durismud\areas\de\de_win32\release\setrand.obj
c:\durismud\areas\de\de_win32\release\setcomm.obj
c:\durismud\areas\de\de_win32\release\purge.obj
c:\durismud\areas\de\de_win32\release\mountfol.obj
c:\durismud\areas\de\de_win32\release\misccomm.obj
c:\durismud\areas\de\de_win32\release\maincomm.obj
c:\durismud\areas\de\de_win32\release\look.obj
c:\durismud\areas\de\de_win32\release\load.obj
c:\durismud\areas\de\de_win32\release\list.obj
c:\durismud\areas\de\de_win32\release\editent.obj
c:\durismud\areas\de\de_win32\release\delete.obj
c:\durismud\areas\de\de_win32\release\crtedit.obj
c:\durismud\areas\de\de_win32\release\create.obj
c:\durismud\areas\de\de_win32\release\copydesc.obj
c:\durismud\areas\de\de_win32\release\command.obj
c:\durismud\areas\de\de_win32\release\clone.obj
c:\durismud\areas\de\de_win32\release\check.obj
c:\durismud\areas\de\de_win32\release\alias.obj
c:\durismud\areas\de\de_win32\release\cmddef.obj
c:\durismud\areas\de\de_win32\release\take.obj
c:\durismud\areas\de\de_win32\release\put.obj
c:\durismud\areas\de\de_win32\release\inv.obj
c:\durismud\areas\de\de_win32\release\equip.obj
c:\durismud\areas\de\de_win32\release\drop.obj
c:\durismud\areas\de\de_win32\release\interp.obj
c:\durismud\areas\de\de_win32\release\init.obj
c:\durismud\areas\de\de_win32\release\flagdef.obj
c:\durismud\areas\de\de_win32\release\editval.obj
c:\durismud\areas\de\de_win32\release\editflag.obj
c:\durismud\areas\de\de_win32\release\writeexd.obj
c:\durismud\areas\de\de_win32\release\readexd.obj
c:\durismud\areas\de\de_win32\release\editdesc.obj
c:\durismud\areas\de\de_win32\release\edesc.obj
c:\durismud\areas\de\de_win32\release\crtdesc.obj
c:\durismud\areas\de\de_win32\release\dispmisc.obj
c:\durismud\areas\de\de_win32\release\display.obj
c:\durismud\areas\de\de_win32\release\dispflag.obj
c:\durismud\areas\de\de_win32\release\de.obj
c:\durismud\areas\de\de_win32\release\var.obj
c:\durismud\areas\de\de_win32\release\menu.obj
c:\durismud\areas\de\de_win32\release\master.obj
c:\durismud\areas\de\de_win32\release\loaded.obj
c:\durismud\areas\de\de_win32\release\keywords.obj
c:\durismud\areas\de\de_win32\release\history.obj
c:\durismud\areas\de\de_win32\release\getstrn.obj
c:\durismud\areas\de\de_win32\release\flags.obj
c:\durismud\areas\de\de_win32\release\editrchk.obj
c:\durismud\areas\de\de_win32\release\editochk.obj
c:\durismud\areas\de\de_win32\release\editmchk.obj
c:\durismud\areas\de\de_win32\release\editichk.obj
c:\durismud\areas\de\de_win32\release\editdisp.obj
c:\durismud\areas\de\de_win32\release\editchck.obj
c:\durismud\areas\de\de_win32\release\editable.obj
c:\durismud\areas\de\de_win32\release\default.obj
c:\durismud\areas\de\de_win32\release\config.obj
c:\durismud\areas\de\de_win32\release\menudef.obj
c:\durismud\areas\de\de_win32\release\map.obj
c:\durismud\areas\de\de_win32\release\listdef.obj
c:\durismud\areas\de\de_win32\release\unequip.obj
c:\durismud\areas\de\de_win32\release\mobu.obj
c:\durismud\areas\de\de_win32\release\mobtypes.obj
c:\durismud\areas\de\de_win32\release\mobhere.obj
c:\durismud\areas\de\de_win32\release\mob.obj
c:\durismud\areas\de\de_win32\release\editmobu.obj
c:\durismud\areas\de\de_win32\release\editmob.obj
c:\durismud\areas\de\de_win32\release\editmmsc.obj
c:\durismud\areas\de\de_win32\release\editmms3.obj
c:\durismud\areas\de\de_win32\release\editmms2.obj
c:\durismud\areas\de\de_win32\release\dispmob.obj
c:\durismud\areas\de\de_win32\release\delmobtu.obj
c:\durismud\areas\de\de_win32\release\delmobt.obj
c:\durismud\areas\de\de_win32\release\delmobhu.obj
c:\durismud\areas\de\de_win32\release\crtmobtu.obj
c:\durismud\areas\de\de_win32\release\crtmobhu.obj
c:\durismud\areas\de\de_win32\release\crtmob.obj
c:\durismud\areas\de\de_win32\release\strnnode.obj
c:\durismud\areas\de\de_win32\release\strings.obj
c:\durismud\areas\de\de_win32\release\mudcomm.obj
c:\durismud\areas\de\de_win32\release\misc.obj
c:\durismud\areas\de\de_win32\release\objtypes.obj
c:\durismud\areas\de\de_win32\release\objhere.obj
c:\durismud\areas\de\de_win32\release\objectu.obj
c:\durismud\areas\de\de_win32\release\object.obj
c:\durismud\areas\de\de_win32\release\editotrp.obj
c:\durismud\areas\de\de_win32\release\editomsc.obj
c:\durismud\areas\de\de_win32\release\editoms2.obj
c:\durismud\areas\de\de_win32\release\editoexd.obj
c:\durismud\areas\de\de_win32\release\editobju.obj
c:\durismud\areas\de\de_win32\release\editobj.obj
c:\durismud\areas\de\de_win32\release\dispobj.obj
c:\durismud\areas\de\de_win32\release\delobjtu.obj
c:\durismud\areas\de\de_win32\release\delobjt.obj
c:\durismud\areas\de\de_win32\release\delobjhu.obj
c:\durismud\areas\de\de_win32\release\delobjh.obj
c:\durismud\areas\de\de_win32\release\crtobjtu.obj
c:\durismud\areas\de\de_win32\release\crtobjhu.obj
c:\durismud\areas\de\de_win32\release\crtobj.obj
c:\durismud\areas\de\de_win32\release\writemob.obj
c:\durismud\areas\de\de_win32\release\readmob.obj
c:\durismud\areas\de\de_win32\release\disproom.obj
c:\durismud\areas\de\de_win32\release\delroomu.obj
c:\durismud\areas\de\de_win32\release\delexitu.obj
c:\durismud\areas\de\de_win32\release\crtroomu.obj
c:\durismud\areas\de\de_win32\release\crtroom.obj
c:\durismud\areas\de\de_win32\release\crtrexit.obj
c:\durismud\areas\de\de_win32\release\crtexit.obj
c:\durismud\areas\de\de_win32\release\readfile.obj
c:\durismud\areas\de\de_win32\release\writeqst.obj
c:\durismud\areas\de\de_win32\release\readqst.obj
c:\durismud\areas\de\de_win32\release\quest.obj
c:\durismud\areas\de\de_win32\release\qsttypes.obj
c:\durismud\areas\de\de_win32\release\editqstu.obj
c:\durismud\areas\de\de_win32\release\editqstq.obj
c:\durismud\areas\de\de_win32\release\editqstm.obj
c:\durismud\areas\de\de_win32\release\editqsti.obj
c:\durismud\areas\de\de_win32\release\editqst.obj
c:\durismud\areas\de\de_win32\release\delqstu.obj
c:\durismud\areas\de\de_win32\release\writeobj.obj
c:\durismud\areas\de\de_win32\release\readobj.obj
c:\durismud\areas\de\de_win32\release\editshps.obj
c:\durismud\areas\de\de_win32\release\editshpr.obj
c:\durismud\areas\de\de_win32\release\editshpm.obj
c:\durismud\areas\de\de_win32\release\editshpc.obj
c:\durismud\areas\de\de_win32\release\editshpb.obj
c:\durismud\areas\de\de_win32\release\editshp.obj
c:\durismud\areas\de\de_win32\release\delshpu.obj
c:\durismud\areas\de\de_win32\release\writeset.obj
c:\durismud\areas\de\de_win32\release\readset.obj
c:\durismud\areas\de\de_win32\release\writewld.obj
c:\durismud\areas\de\de_win32\release\roomu.obj
c:\durismud\areas\de\de_win32\release\roomtype.obj
c:\durismud\areas\de\de_win32\release\room.obj
c:\durismud\areas\de\de_win32\release\readwld.obj
c:\durismud\areas\de\de_win32\release\exit.obj
c:\durismud\areas\de\de_win32\release\editroom.obj
c:\durismud\areas\de\de_win32\release\editrmsc.obj
c:\durismud\areas\de\de_win32\release\editrext.obj
c:\durismud\areas\de\de_win32\release\editrexd.obj
c:\durismud\areas\de\de_win32\release\editexit.obj
c:\durismud\areas\de\de_win32\release\zonetype.obj
c:\durismud\areas\de\de_win32\release\zone.obj
c:\durismud\areas\de\de_win32\release\writezon.obj
c:\durismud\areas\de\de_win32\release\readzon.obj
c:\durismud\areas\de\de_win32\release\editzone.obj
c:\durismud\areas\de\de_win32\release\editzmsc.obj
c:\durismud\areas\de\de_win32\release\dispzone.obj
c:\durismud\areas\de\de_win32\release\win32.obj
c:\durismud\areas\de\de_win32\release\vardef.obj
c:\durismud\areas\de\de_win32\release\template.obj
c:\durismud\areas\de\de_win32\release\skills.obj
c:\durismud\areas\de\de_win32\release\writeshp.obj
c:\durismud\areas\de\de_win32\release\shop.obj
c:\durismud\areas\de\de_win32\release\readshp.obj
c:\durismud\areas\de\de_win32\release\editshpu.obj
c:\durismud\areas\de\de_win32\release\editshpt.obj
c:\durismud\areas\de\de_win32\release\common.obj
c:\durismud\areas\de\de_win32\release\de_win32.exe
c:\durismud\areas\de\de_win32\release\cmddef.asm
c:\durismud\areas\de\de_win32\release\alias.asm
c:\durismud\areas\de\de_win32\release\check.asm
c:\durismud\areas\de\de_win32\release\clone.asm
c:\durismud\areas\de\de_win32\release\command.asm
c:\durismud\areas\de\de_win32\release\copydesc.asm
c:\durismud\areas\de\de_win32\release\create.asm
c:\durismud\areas\de\de_win32\release\crtedit.asm
c:\durismud\areas\de\de_win32\release\delete.asm
c:\durismud\areas\de\de_win32\release\editent.asm
c:\durismud\areas\de\de_win32\release\list.asm
c:\durismud\areas\de\de_win32\release\load.asm
c:\durismud\areas\de\de_win32\release\look.asm
c:\durismud\areas\de\de_win32\release\maincomm.asm
c:\durismud\areas\de\de_win32\release\misccomm.asm
c:\durismud\areas\de\de_win32\release\mountfol.asm
c:\durismud\areas\de\de_win32\release\purge.asm
c:\durismud\areas\de\de_win32\release\setcomm.asm
c:\durismud\areas\de\de_win32\release\setrand.asm
c:\durismud\areas\de\de_win32\release\stat.asm
c:\durismud\areas\de\de_win32\release\var.asm
c:\durismud\areas\de\de_win32\release\common.asm
c:\durismud\areas\de\de_win32\release\de.asm
c:\durismud\areas\de\de_win32\release\dispflag.asm
c:\durismud\areas\de\de_win32\release\display.asm
c:\durismud\areas\de\de_win32\release\dispmisc.asm
c:\durismud\areas\de\de_win32\release\crtdesc.asm
c:\durismud\areas\de\de_win32\release\edesc.asm
c:\durismud\areas\de\de_win32\release\editdesc.asm
c:\durismud\areas\de\de_win32\release\readexd.asm
c:\durismud\areas\de\de_win32\release\writeexd.asm
c:\durismud\areas\de\de_win32\release\editflag.asm
c:\durismud\areas\de\de_win32\release\editval.asm
c:\durismud\areas\de\de_win32\release\flagdef.asm
c:\durismud\areas\de\de_win32\release\init.asm
c:\durismud\areas\de\de_win32\release\interp.asm
c:\durismud\areas\de\de_win32\release\drop.asm
c:\durismud\areas\de\de_win32\release\equip.asm
c:\durismud\areas\de\de_win32\release\inv.asm
c:\durismud\areas\de\de_win32\release\put.asm
c:\durismud\areas\de\de_win32\release\take.asm
c:\durismud\areas\de\de_win32\release\unequip.asm
c:\durismud\areas\de\de_win32\release\listdef.asm
c:\durismud\areas\de\de_win32\release\map.asm
c:\durismud\areas\de\de_win32\release\menudef.asm
c:\durismud\areas\de\de_win32\release\config.asm
c:\durismud\areas\de\de_win32\release\default.asm
c:\durismud\areas\de\de_win32\release\editable.asm
c:\durismud\areas\de\de_win32\release\editchck.asm
c:\durismud\areas\de\de_win32\release\editdisp.asm
c:\durismud\areas\de\de_win32\release\editichk.asm
c:\durismud\areas\de\de_win32\release\editmchk.asm
c:\durismud\areas\de\de_win32\release\editochk.asm
c:\durismud\areas\de\de_win32\release\editrchk.asm
c:\durismud\areas\de\de_win32\release\flags.asm
c:\durismud\areas\de\de_win32\release\getstrn.asm
c:\durismud\areas\de\de_win32\release\history.asm
c:\durismud\areas\de\de_win32\release\keywords.asm
c:\durismud\areas\de\de_win32\release\loaded.asm
c:\durismud\areas\de\de_win32\release\master.asm
c:\durismud\areas\de\de_win32\release\menu.asm
c:\durismud\areas\de\de_win32\release\misc.asm
c:\durismud\areas\de\de_win32\release\mudcomm.asm
c:\durismud\areas\de\de_win32\release\strings.asm
c:\durismud\areas\de\de_win32\release\strnnode.asm
c:\durismud\areas\de\de_win32\release\crtmob.asm
c:\durismud\areas\de\de_win32\release\crtmobhu.asm
c:\durismud\areas\de\de_win32\release\crtmobtu.asm
c:\durismud\areas\de\de_win32\release\delmobhu.asm
c:\durismud\areas\de\de_win32\release\delmobt.asm
c:\durismud\areas\de\de_win32\release\delmobtu.asm
c:\durismud\areas\de\de_win32\release\dispmob.asm
c:\durismud\areas\de\de_win32\release\editmms2.asm
c:\durismud\areas\de\de_win32\release\editmms3.asm
c:\durismud\areas\de\de_win32\release\editmmsc.asm
c:\durismud\areas\de\de_win32\release\editmob.asm
c:\durismud\areas\de\de_win32\release\editmobu.asm
c:\durismud\areas\de\de_win32\release\mob.asm
c:\durismud\areas\de\de_win32\release\mobhere.asm
c:\durismud\areas\de\de_win32\release\mobtypes.asm
c:\durismud\areas\de\de_win32\release\mobu.asm
c:\durismud\areas\de\de_win32\release\readmob.asm
c:\durismud\areas\de\de_win32\release\writemob.asm
c:\durismud\areas\de\de_win32\release\crtobj.asm
c:\durismud\areas\de\de_win32\release\crtobjhu.asm
c:\durismud\areas\de\de_win32\release\crtobjtu.asm
c:\durismud\areas\de\de_win32\release\delobjh.asm
c:\durismud\areas\de\de_win32\release\delobjhu.asm
c:\durismud\areas\de\de_win32\release\delobjt.asm
c:\durismud\areas\de\de_win32\release\delobjtu.asm
c:\durismud\areas\de\de_win32\release\dispobj.asm
c:\durismud\areas\de\de_win32\release\editobj.asm
c:\durismud\areas\de\de_win32\release\editobju.asm
c:\durismud\areas\de\de_win32\release\editoexd.asm
c:\durismud\areas\de\de_win32\release\editoms2.asm
c:\durismud\areas\de\de_win32\release\editomsc.asm
c:\durismud\areas\de\de_win32\release\editotrp.asm
c:\durismud\areas\de\de_win32\release\object.asm
c:\durismud\areas\de\de_win32\release\objectu.asm
c:\durismud\areas\de\de_win32\release\objhere.asm
c:\durismud\areas\de\de_win32\release\objtypes.asm
c:\durismud\areas\de\de_win32\release\readobj.asm
c:\durismud\areas\de\de_win32\release\writeobj.asm
c:\durismud\areas\de\de_win32\release\delqstu.asm
c:\durismud\areas\de\de_win32\release\editqst.asm
c:\durismud\areas\de\de_win32\release\editqsti.asm
c:\durismud\areas\de\de_win32\release\editqstm.asm
c:\durismud\areas\de\de_win32\release\editqstq.asm
c:\durismud\areas\de\de_win32\release\editqstu.asm
c:\durismud\areas\de\de_win32\release\qsttypes.asm
c:\durismud\areas\de\de_win32\release\quest.asm
c:\durismud\areas\de\de_win32\release\readqst.asm
c:\durismud\areas\de\de_win32\release\writeqst.asm
c:\durismud\areas\de\de_win32\release\readfile.asm
c:\durismud\areas\de\de_win32\release\crtexit.asm
c:\durismud\areas\de\de_win32\release\crtrexit.asm
c:\durismud\areas\de\de_win32\release\crtroom.asm
c:\durismud\areas\de\de_win32\release\crtroomu.asm
c:\durismud\areas\de\de_win32\release\delexitu.asm
c:\durismud\areas\de\de_win32\release\delroomu.asm
c:\durismud\areas\de\de_win32\release\disproom.asm
c:\durismud\areas\de\de_win32\release\editexit.asm
c:\durismud\areas\de\de_win32\release\editrexd.asm
c:\durismud\areas\de\de_win32\release\editrext.asm
c:\durismud\areas\de\de_win32\release\editrmsc.asm
c:\durismud\areas\de\de_win32\release\editroom.asm
c:\durismud\areas\de\de_win32\release\exit.asm
c:\durismud\areas\de\de_win32\release\readwld.asm
c:\durismud\areas\de\de_win32\release\room.asm
c:\durismud\areas\de\de_win32\release\roomtype.asm
c:\durismud\areas\de\de_win32\release\roomu.asm
c:\durismud\areas\de\de_win32\release\writewld.asm
c:\durismud\areas\de\de_win32\release\readset.asm
c:\durismud\areas\de\de_win32\release\writeset.asm
c:\durismud\areas\de\de_win32\release\delshpu.asm
c:\durismud\areas\de\de_win32\release\editshp.asm
c:\durismud\areas\de\de_win32\release\editshpb.asm
c:\durismud\areas\de\de_win32\release\editshpc.asm
c:\durismud\areas\de\de_win32\release\editshpm.asm
c:\durismud\areas\de\de_win32\release\editshpr.asm
c:\durismud\areas\de\de_win32\release\editshps.asm
c:\durismud\areas\de\de_win32\release\editshpt.asm
c:\durismud\areas\de\de_win32\release\editshpu.asm
c:\durismud\areas\de\de_win32\release\readshp.asm
c:\durismud\areas\de\de_win32\release\shop.asm
c:\durismud\areas\de\de_win32\release\writeshp.asm
c:\durismud\areas\de\de_win32\release\skills.asm
c:\durismud\areas\de\de_win32\release\template.asm
c:\durismud\areas\de\de_win32\release\vardef.asm
c:\durismud\areas\de\de_win32\release\win32.asm
c:\durismud\areas\de\de_win32\release\dispzone.asm
c:\durismud\areas\de\de_win32\release\editzmsc.asm
c:\durismud\areas\de\de_win32\release\editzone.asm
c:\durismud\areas\de\de_win32\release\readzon.asm
c:\durismud\areas\de\de_win32\release\writezon.asm
c:\durismud\areas\de\de_win32\release\zone.asm
c:\durismud\areas\de\de_win32\release\zonetype.asm
c:\durismud\areas\de\de_win32\release\de_win32.pdb
c:\durismud\areas\de\de_win32\release\de_win32.iobj
c:\durismud\areas\de\de_win32\release\de_win32.tlog\cl.command.1.tlog
c:\durismud\areas\de\de_win32\release\de_win32.tlog\cl.items.tlog
c:\durismud\areas\de\de_win32\release\de_win32.tlog\cl.read.1.tlog
c:\durismud\areas\de\de_win32\release\de_win32.tlog\cl.write.1.tlog
c:\durismud\areas\de\de_win32\release\de_win32.tlog\link.command.1.tlog
c:\durismud\areas\de\de_win32\release\de_win32.tlog\link.read.1.tlog
c:\durismud\areas\de\de_win32\release\de_win32.tlog\link.secondary.1.tlog
c:\durismud\areas\de\de_win32\release\de_win32.tlog\link.write.1.tlog
