c:\durismud\areas\de\de_win32\debug\vc143.pdb
c:\durismud\areas\de\de_win32\debug\vc143.idb
c:\durismud\areas\de\de_win32\debug\stat.obj
c:\durismud\areas\de\de_win32\debug\setrand.obj
c:\durismud\areas\de\de_win32\debug\setcomm.obj
c:\durismud\areas\de\de_win32\debug\purge.obj
c:\durismud\areas\de\de_win32\debug\mountfol.obj
c:\durismud\areas\de\de_win32\debug\misccomm.obj
c:\durismud\areas\de\de_win32\debug\maincomm.obj
c:\durismud\areas\de\de_win32\debug\look.obj
c:\durismud\areas\de\de_win32\debug\load.obj
c:\durismud\areas\de\de_win32\debug\list.obj
c:\durismud\areas\de\de_win32\debug\editent.obj
c:\durismud\areas\de\de_win32\debug\delete.obj
c:\durismud\areas\de\de_win32\debug\crtedit.obj
c:\durismud\areas\de\de_win32\debug\create.obj
c:\durismud\areas\de\de_win32\debug\copydesc.obj
c:\durismud\areas\de\de_win32\debug\command.obj
c:\durismud\areas\de\de_win32\debug\clone.obj
c:\durismud\areas\de\de_win32\debug\check.obj
c:\durismud\areas\de\de_win32\debug\alias.obj
c:\durismud\areas\de\de_win32\debug\cmddef.obj
c:\durismud\areas\de\de_win32\debug\take.obj
c:\durismud\areas\de\de_win32\debug\put.obj
c:\durismud\areas\de\de_win32\debug\inv.obj
c:\durismud\areas\de\de_win32\debug\equip.obj
c:\durismud\areas\de\de_win32\debug\drop.obj
c:\durismud\areas\de\de_win32\debug\interp.obj
c:\durismud\areas\de\de_win32\debug\init.obj
c:\durismud\areas\de\de_win32\debug\flagdef.obj
c:\durismud\areas\de\de_win32\debug\editval.obj
c:\durismud\areas\de\de_win32\debug\editflag.obj
c:\durismud\areas\de\de_win32\debug\writeexd.obj
c:\durismud\areas\de\de_win32\debug\readexd.obj
c:\durismud\areas\de\de_win32\debug\editdesc.obj
c:\durismud\areas\de\de_win32\debug\edesc.obj
c:\durismud\areas\de\de_win32\debug\crtdesc.obj
c:\durismud\areas\de\de_win32\debug\dispmisc.obj
c:\durismud\areas\de\de_win32\debug\display.obj
c:\durismud\areas\de\de_win32\debug\dispflag.obj
c:\durismud\areas\de\de_win32\debug\de.obj
c:\durismud\areas\de\de_win32\debug\var.obj
c:\durismud\areas\de\de_win32\debug\menu.obj
c:\durismud\areas\de\de_win32\debug\master.obj
c:\durismud\areas\de\de_win32\debug\loaded.obj
c:\durismud\areas\de\de_win32\debug\keywords.obj
c:\durismud\areas\de\de_win32\debug\history.obj
c:\durismud\areas\de\de_win32\debug\getstrn.obj
c:\durismud\areas\de\de_win32\debug\flags.obj
c:\durismud\areas\de\de_win32\debug\editrchk.obj
c:\durismud\areas\de\de_win32\debug\editochk.obj
c:\durismud\areas\de\de_win32\debug\editmchk.obj
c:\durismud\areas\de\de_win32\debug\editichk.obj
c:\durismud\areas\de\de_win32\debug\editdisp.obj
c:\durismud\areas\de\de_win32\debug\editchck.obj
c:\durismud\areas\de\de_win32\debug\editable.obj
c:\durismud\areas\de\de_win32\debug\default.obj
c:\durismud\areas\de\de_win32\debug\config.obj
c:\durismud\areas\de\de_win32\debug\menudef.obj
c:\durismud\areas\de\de_win32\debug\map.obj
c:\durismud\areas\de\de_win32\debug\listdef.obj
c:\durismud\areas\de\de_win32\debug\unequip.obj
c:\durismud\areas\de\de_win32\debug\mobu.obj
c:\durismud\areas\de\de_win32\debug\mobtypes.obj
c:\durismud\areas\de\de_win32\debug\mobhere.obj
c:\durismud\areas\de\de_win32\debug\mob.obj
c:\durismud\areas\de\de_win32\debug\editmobu.obj
c:\durismud\areas\de\de_win32\debug\editmob.obj
c:\durismud\areas\de\de_win32\debug\editmmsc.obj
c:\durismud\areas\de\de_win32\debug\editmms3.obj
c:\durismud\areas\de\de_win32\debug\editmms2.obj
c:\durismud\areas\de\de_win32\debug\dispmob.obj
c:\durismud\areas\de\de_win32\debug\delmobtu.obj
c:\durismud\areas\de\de_win32\debug\delmobt.obj
c:\durismud\areas\de\de_win32\debug\delmobhu.obj
c:\durismud\areas\de\de_win32\debug\crtmobtu.obj
c:\durismud\areas\de\de_win32\debug\crtmobhu.obj
c:\durismud\areas\de\de_win32\debug\crtmob.obj
c:\durismud\areas\de\de_win32\debug\strnnode.obj
c:\durismud\areas\de\de_win32\debug\strings.obj
c:\durismud\areas\de\de_win32\debug\mudcomm.obj
c:\durismud\areas\de\de_win32\debug\misc.obj
c:\durismud\areas\de\de_win32\debug\objtypes.obj
c:\durismud\areas\de\de_win32\debug\objhere.obj
c:\durismud\areas\de\de_win32\debug\objectu.obj
c:\durismud\areas\de\de_win32\debug\object.obj
c:\durismud\areas\de\de_win32\debug\editotrp.obj
c:\durismud\areas\de\de_win32\debug\editomsc.obj
c:\durismud\areas\de\de_win32\debug\editoms2.obj
c:\durismud\areas\de\de_win32\debug\editoexd.obj
c:\durismud\areas\de\de_win32\debug\editobju.obj
c:\durismud\areas\de\de_win32\debug\editobj.obj
c:\durismud\areas\de\de_win32\debug\dispobj.obj
c:\durismud\areas\de\de_win32\debug\delobjtu.obj
c:\durismud\areas\de\de_win32\debug\delobjt.obj
c:\durismud\areas\de\de_win32\debug\delobjhu.obj
c:\durismud\areas\de\de_win32\debug\delobjh.obj
c:\durismud\areas\de\de_win32\debug\crtobjtu.obj
c:\durismud\areas\de\de_win32\debug\crtobjhu.obj
c:\durismud\areas\de\de_win32\debug\crtobj.obj
c:\durismud\areas\de\de_win32\debug\writemob.obj
c:\durismud\areas\de\de_win32\debug\readmob.obj
c:\durismud\areas\de\de_win32\debug\disproom.obj
c:\durismud\areas\de\de_win32\debug\delroomu.obj
c:\durismud\areas\de\de_win32\debug\delexitu.obj
c:\durismud\areas\de\de_win32\debug\crtroomu.obj
c:\durismud\areas\de\de_win32\debug\crtroom.obj
c:\durismud\areas\de\de_win32\debug\crtrexit.obj
c:\durismud\areas\de\de_win32\debug\crtexit.obj
c:\durismud\areas\de\de_win32\debug\readfile.obj
c:\durismud\areas\de\de_win32\debug\writeqst.obj
c:\durismud\areas\de\de_win32\debug\readqst.obj
c:\durismud\areas\de\de_win32\debug\quest.obj
c:\durismud\areas\de\de_win32\debug\qsttypes.obj
c:\durismud\areas\de\de_win32\debug\editqstu.obj
c:\durismud\areas\de\de_win32\debug\editqstq.obj
c:\durismud\areas\de\de_win32\debug\editqstm.obj
c:\durismud\areas\de\de_win32\debug\editqsti.obj
c:\durismud\areas\de\de_win32\debug\editqst.obj
c:\durismud\areas\de\de_win32\debug\delqstu.obj
c:\durismud\areas\de\de_win32\debug\writeobj.obj
c:\durismud\areas\de\de_win32\debug\readobj.obj
c:\durismud\areas\de\de_win32\debug\editshps.obj
c:\durismud\areas\de\de_win32\debug\editshpr.obj
c:\durismud\areas\de\de_win32\debug\editshpm.obj
c:\durismud\areas\de\de_win32\debug\editshpc.obj
c:\durismud\areas\de\de_win32\debug\editshpb.obj
c:\durismud\areas\de\de_win32\debug\editshp.obj
c:\durismud\areas\de\de_win32\debug\delshpu.obj
c:\durismud\areas\de\de_win32\debug\writeset.obj
c:\durismud\areas\de\de_win32\debug\readset.obj
c:\durismud\areas\de\de_win32\debug\writewld.obj
c:\durismud\areas\de\de_win32\debug\roomu.obj
c:\durismud\areas\de\de_win32\debug\roomtype.obj
c:\durismud\areas\de\de_win32\debug\room.obj
c:\durismud\areas\de\de_win32\debug\readwld.obj
c:\durismud\areas\de\de_win32\debug\exit.obj
c:\durismud\areas\de\de_win32\debug\editroom.obj
c:\durismud\areas\de\de_win32\debug\editrmsc.obj
c:\durismud\areas\de\de_win32\debug\editrext.obj
c:\durismud\areas\de\de_win32\debug\editrexd.obj
c:\durismud\areas\de\de_win32\debug\editexit.obj
c:\durismud\areas\de\de_win32\debug\zonetype.obj
c:\durismud\areas\de\de_win32\debug\zone.obj
c:\durismud\areas\de\de_win32\debug\writezon.obj
c:\durismud\areas\de\de_win32\debug\readzon.obj
c:\durismud\areas\de\de_win32\debug\editzone.obj
c:\durismud\areas\de\de_win32\debug\editzmsc.obj
c:\durismud\areas\de\de_win32\debug\dispzone.obj
c:\durismud\areas\de\de_win32\debug\win32.obj
c:\durismud\areas\de\de_win32\debug\vardef.obj
c:\durismud\areas\de\de_win32\debug\template.obj
c:\durismud\areas\de\de_win32\debug\skills.obj
c:\durismud\areas\de\de_win32\debug\writeshp.obj
c:\durismud\areas\de\de_win32\debug\shop.obj
c:\durismud\areas\de\de_win32\debug\readshp.obj
c:\durismud\areas\de\de_win32\debug\editshpu.obj
c:\durismud\areas\de\de_win32\debug\editshpt.obj
c:\durismud\areas\de\de_win32\debug\common.obj
c:\durismud\areas\de\de_win32\debug\de_win32.exe
c:\durismud\areas\de\de_win32\debug\de_win32.pdb
c:\durismud\areas\de\de_win32\debug\de_win32.ilk
c:\durismud\areas\de\de_win32\debug\de_win32.tlog\cl.command.1.tlog
c:\durismud\areas\de\de_win32\debug\de_win32.tlog\cl.items.tlog
c:\durismud\areas\de\de_win32\debug\de_win32.tlog\cl.read.1.tlog
c:\durismud\areas\de\de_win32\debug\de_win32.tlog\cl.write.1.tlog
c:\durismud\areas\de\de_win32\debug\de_win32.tlog\link.command.1.tlog
c:\durismud\areas\de\de_win32\debug\de_win32.tlog\link.read.1.tlog
c:\durismud\areas\de\de_win32\debug\de_win32.tlog\link.secondary.1.tlog
c:\durismud\areas\de\de_win32\debug\de_win32.tlog\link.write.1.tlog
